main.c:128:5:main	32	static
main.c:235:6:SystemClock_Config	72	static
main.c:291:6:ReadNFCCard	16	static
main.c:326:6:CardMatches	24	static
main.c:332:6:IsNewCurrentCard	16	static
main.c:340:6:WriteCurrentCardToCardRegisters	4	static
main.c:353:6:ProcessCurrentMode	8	static
main.c:388:6:ResetKeypadLEDs	16	static
main.c:392:6:GetSystemInputStateFromRegister	4	static
main.c:396:6:GetLightsInputStateFromRegister	4	static
main.c:400:6:ResetInputRegisters	4	static
main.c:407:6:ProcessKeyPad	16	static
main.c:550:6:ProcessCurrentLEDs	24	static
main.c:659:6:ProcessCurrentLights	8	static
main.c:680:6:AnnulateCurrentCard	16	static
main.c:688:6:SwitchCurrentPVKPMode	16	static
main.c:706:6:PlayOKTones	8	static
main.c:713:6:PlayBadTones	8	static
main.c:720:6:PlaySwitchTones	8	static
main.c:727:6:LoopPlayer	8	static
main.c:742:6:SendToShiftRegisters	24	static
main.c:759:6:SetLEDPin	16	static
main.c:877:6:RGBBlink	16	static
main.c:903:6:HAL_GPIO_EXTI_Callback	24	static
main.c:967:14:eMBRegInputCB	32	static
main.c:1013:14:eMBRegHoldingCB	40	static
main.c:1076:14:eMBRegCoilsCB	56	static
main.c:1151:14:eMBRegDiscreteCB	48	static
main.c:1197:6:__critical_enter	4	static
main.c:1203:6:__critical_exit	4	static
main.c:1219:6:Error_Handler	4	static
